// Jest Snapshot v1, https://goo.gl/fbAQLP

exports[`useRedwoodRealtime should update schema with live directive 1`] = `"@live"`;
